Archive member included to satisfy reference by file (symbol)

c:/program files/microchip/xc8/v2.36/avr/bin/../lib/gcc/avr/5.4.0/avr4/memx-const\libgcc.a(_copy_data.o)
                              main.o (__do_copy_data)
c:/program files/microchip/xc8/v2.36/avr/bin/../lib/gcc/avr/5.4.0/../../../../avr/lib/avr4/memx-const\libc.a(exit.o)
                              C:/Program Files (x86)/Atmel/Studio/7.0/Packs/atmel/ATmega_DFP/1.7.374/xc8/avr/lib/avr4/memx-const/crtatmega8a.o (exit)
c:/program files/microchip/xc8/v2.36/avr/bin/../lib/gcc/avr/5.4.0/../../../../avr/lib/avr4/memx-const\libc.a(strncmp.o)
                              main.o (strncmp)
c:/program files/microchip/xc8/v2.36/avr/bin/../lib/gcc/avr/5.4.0/../../../../avr/lib/avr4/memx-const\libc.a(strstr.o)
                              main.o (strstr)
c:/program files/microchip/xc8/v2.36/avr/bin/../lib/gcc/avr/5.4.0/../../../../avr/lib/avr4/memx-const\libc.a(_Exit.o)
                              c:/program files/microchip/xc8/v2.36/avr/bin/../lib/gcc/avr/5.4.0/../../../../avr/lib/avr4/memx-const\libc.a(exit.o) (_Exit)
c:/program files/microchip/xc8/v2.36/avr/bin/../lib/gcc/avr/5.4.0/avr4/memx-const\libgcc.a(_exit.o)
                              c:/program files/microchip/xc8/v2.36/avr/bin/../lib/gcc/avr/5.4.0/../../../../avr/lib/avr4/memx-const\libc.a(_Exit.o) (_exit)

Allocating common symbols
Common symbol       size              file

plen                0x2               main.o
buf                 0x385             main.o
browser             0x1               main.o

Discarded input sections

 .data          0x0000000000000000        0x0 C:/Program Files (x86)/Atmel/Studio/7.0/Packs/atmel/ATmega_DFP/1.7.374/xc8/avr/lib/avr4/memx-const/crtatmega8a.o
 .bss           0x0000000000000000        0x0 C:/Program Files (x86)/Atmel/Studio/7.0/Packs/atmel/ATmega_DFP/1.7.374/xc8/avr/lib/avr4/memx-const/crtatmega8a.o
 .text          0x0000000000000000        0x0 enc28j60.o
 .data          0x0000000000000000        0x0 enc28j60.o
 .bss           0x0000000000000000        0x0 enc28j60.o
 .text.ENC28J60_PhyRead
                0x0000000000000000       0x28 enc28j60.o
 .text.ENC28J60_HasRxPkt
                0x0000000000000000        0xa enc28j60.o
 .text.ENC28J60_GetRev
                0x0000000000000000        0x6 enc28j60.o
 .text.ENC28J60_LinkUp
                0x0000000000000000       0x10 enc28j60.o
 .text          0x0000000000000000        0x0 main.o
 .data          0x0000000000000000        0x0 main.o
 .bss           0x0000000000000000        0x0 main.o
 .text          0x0000000000000000        0x0 network.o
 .data          0x0000000000000000        0x0 network.o
 .bss           0x0000000000000000        0x0 network.o
 .text.make_tcp_data
                0x0000000000000000       0x28 network.o
 .text          0x0000000000000000        0x0 c:/program files/microchip/xc8/v2.36/avr/bin/../lib/gcc/avr/5.4.0/avr4/memx-const\libgcc.a(_copy_data.o)
 .data          0x0000000000000000        0x0 c:/program files/microchip/xc8/v2.36/avr/bin/../lib/gcc/avr/5.4.0/avr4/memx-const\libgcc.a(_copy_data.o)
 .bss           0x0000000000000000        0x0 c:/program files/microchip/xc8/v2.36/avr/bin/../lib/gcc/avr/5.4.0/avr4/memx-const\libgcc.a(_copy_data.o)
 .text.libgcc.mul
                0x0000000000000000        0x0 c:/program files/microchip/xc8/v2.36/avr/bin/../lib/gcc/avr/5.4.0/avr4/memx-const\libgcc.a(_copy_data.o)
 .text.libgcc.div
                0x0000000000000000        0x0 c:/program files/microchip/xc8/v2.36/avr/bin/../lib/gcc/avr/5.4.0/avr4/memx-const\libgcc.a(_copy_data.o)
 .text.libgcc   0x0000000000000000        0x0 c:/program files/microchip/xc8/v2.36/avr/bin/../lib/gcc/avr/5.4.0/avr4/memx-const\libgcc.a(_copy_data.o)
 .text.libgcc.prologue
                0x0000000000000000        0x0 c:/program files/microchip/xc8/v2.36/avr/bin/../lib/gcc/avr/5.4.0/avr4/memx-const\libgcc.a(_copy_data.o)
 .text.libgcc.builtins
                0x0000000000000000        0x0 c:/program files/microchip/xc8/v2.36/avr/bin/../lib/gcc/avr/5.4.0/avr4/memx-const\libgcc.a(_copy_data.o)
 .text.libgcc.fmul
                0x0000000000000000        0x0 c:/program files/microchip/xc8/v2.36/avr/bin/../lib/gcc/avr/5.4.0/avr4/memx-const\libgcc.a(_copy_data.o)
 .text.libgcc.fixed
                0x0000000000000000        0x0 c:/program files/microchip/xc8/v2.36/avr/bin/../lib/gcc/avr/5.4.0/avr4/memx-const\libgcc.a(_copy_data.o)
 .text          0x0000000000000000        0x0 c:/program files/microchip/xc8/v2.36/avr/bin/../lib/gcc/avr/5.4.0/../../../../avr/lib/avr4/memx-const\libc.a(exit.o)
 .data          0x0000000000000000        0x0 c:/program files/microchip/xc8/v2.36/avr/bin/../lib/gcc/avr/5.4.0/../../../../avr/lib/avr4/memx-const\libc.a(exit.o)
 .bss           0x0000000000000000        0x0 c:/program files/microchip/xc8/v2.36/avr/bin/../lib/gcc/avr/5.4.0/../../../../avr/lib/avr4/memx-const\libc.a(exit.o)
 .text          0x0000000000000000        0x0 c:/program files/microchip/xc8/v2.36/avr/bin/../lib/gcc/avr/5.4.0/../../../../avr/lib/avr4/memx-const\libc.a(strncmp.o)
 .data          0x0000000000000000        0x0 c:/program files/microchip/xc8/v2.36/avr/bin/../lib/gcc/avr/5.4.0/../../../../avr/lib/avr4/memx-const\libc.a(strncmp.o)
 .bss           0x0000000000000000        0x0 c:/program files/microchip/xc8/v2.36/avr/bin/../lib/gcc/avr/5.4.0/../../../../avr/lib/avr4/memx-const\libc.a(strncmp.o)
 .text          0x0000000000000000        0x0 c:/program files/microchip/xc8/v2.36/avr/bin/../lib/gcc/avr/5.4.0/../../../../avr/lib/avr4/memx-const\libc.a(strstr.o)
 .data          0x0000000000000000        0x0 c:/program files/microchip/xc8/v2.36/avr/bin/../lib/gcc/avr/5.4.0/../../../../avr/lib/avr4/memx-const\libc.a(strstr.o)
 .bss           0x0000000000000000        0x0 c:/program files/microchip/xc8/v2.36/avr/bin/../lib/gcc/avr/5.4.0/../../../../avr/lib/avr4/memx-const\libc.a(strstr.o)
 .text          0x0000000000000000        0x0 c:/program files/microchip/xc8/v2.36/avr/bin/../lib/gcc/avr/5.4.0/../../../../avr/lib/avr4/memx-const\libc.a(_Exit.o)
 .data          0x0000000000000000        0x0 c:/program files/microchip/xc8/v2.36/avr/bin/../lib/gcc/avr/5.4.0/../../../../avr/lib/avr4/memx-const\libc.a(_Exit.o)
 .bss           0x0000000000000000        0x0 c:/program files/microchip/xc8/v2.36/avr/bin/../lib/gcc/avr/5.4.0/../../../../avr/lib/avr4/memx-const\libc.a(_Exit.o)
 .text          0x0000000000000000        0x0 c:/program files/microchip/xc8/v2.36/avr/bin/../lib/gcc/avr/5.4.0/avr4/memx-const\libgcc.a(_exit.o)
 .data          0x0000000000000000        0x0 c:/program files/microchip/xc8/v2.36/avr/bin/../lib/gcc/avr/5.4.0/avr4/memx-const\libgcc.a(_exit.o)
 .bss           0x0000000000000000        0x0 c:/program files/microchip/xc8/v2.36/avr/bin/../lib/gcc/avr/5.4.0/avr4/memx-const\libgcc.a(_exit.o)
 .text.libgcc.mul
                0x0000000000000000        0x0 c:/program files/microchip/xc8/v2.36/avr/bin/../lib/gcc/avr/5.4.0/avr4/memx-const\libgcc.a(_exit.o)
 .text.libgcc.div
                0x0000000000000000        0x0 c:/program files/microchip/xc8/v2.36/avr/bin/../lib/gcc/avr/5.4.0/avr4/memx-const\libgcc.a(_exit.o)
 .text.libgcc   0x0000000000000000        0x0 c:/program files/microchip/xc8/v2.36/avr/bin/../lib/gcc/avr/5.4.0/avr4/memx-const\libgcc.a(_exit.o)
 .text.libgcc.prologue
                0x0000000000000000        0x0 c:/program files/microchip/xc8/v2.36/avr/bin/../lib/gcc/avr/5.4.0/avr4/memx-const\libgcc.a(_exit.o)
 .stack.descriptors
                0x0000000000000000       0x13 c:/program files/microchip/xc8/v2.36/avr/bin/../lib/gcc/avr/5.4.0/avr4/memx-const\libgcc.a(_exit.o)
 .text.libgcc.builtins
                0x0000000000000000        0x0 c:/program files/microchip/xc8/v2.36/avr/bin/../lib/gcc/avr/5.4.0/avr4/memx-const\libgcc.a(_exit.o)
 .text.libgcc.fmul
                0x0000000000000000        0x0 c:/program files/microchip/xc8/v2.36/avr/bin/../lib/gcc/avr/5.4.0/avr4/memx-const\libgcc.a(_exit.o)
 .text.libgcc.fixed
                0x0000000000000000        0x0 c:/program files/microchip/xc8/v2.36/avr/bin/../lib/gcc/avr/5.4.0/avr4/memx-const\libgcc.a(_exit.o)

Memory Configuration

Name             Origin             Length             Attributes
text             0x0000000000000000 0x0000000000002000 xr
data             0x0000000000800060 0x0000000000000400 rw !x
eeprom           0x0000000000810000 0x0000000000000200 rw !x
fuse             0x0000000000820000 0x0000000000000002 rw !x
lock             0x0000000000830000 0x0000000000000400 rw !x
signature        0x0000000000840000 0x0000000000000400 rw !x
user_signatures  0x0000000000850000 0x0000000000000400 rw !x
*default*        0x0000000000000000 0xffffffffffffffff

Linker script and memory map

LOAD C:/Program Files (x86)/Atmel/Studio/7.0/Packs/atmel/ATmega_DFP/1.7.374/xc8/avr/lib/avr4/memx-const/crtatmega8a.o
LOAD enc28j60.o
LOAD main.o
LOAD network.o
START GROUP
LOAD c:/program files/microchip/xc8/v2.36/avr/bin/../lib/gcc/avr/5.4.0/../../../../avr/lib/avr4/memx-const\libm.a
END GROUP
START GROUP
LOAD c:/program files/microchip/xc8/v2.36/avr/bin/../lib/gcc/avr/5.4.0/avr4/memx-const\libgcc.a
LOAD c:/program files/microchip/xc8/v2.36/avr/bin/../lib/gcc/avr/5.4.0/../../../../avr/lib/avr4/memx-const\libm.a
LOAD c:/program files/microchip/xc8/v2.36/avr/bin/../lib/gcc/avr/5.4.0/../../../../avr/lib/avr4/memx-const\libc.a
LOAD C:/Program Files (x86)/Atmel/Studio/7.0/Packs/atmel/ATmega_DFP/1.7.374/xc8/avr/lib/avr4/memx-const\libatmega8a.a
END GROUP
                [0x0000000000000000]                __TEXT_REGION_ORIGIN__ = DEFINED (__TEXT_REGION_ORIGIN__)?__TEXT_REGION_ORIGIN__:0x0
                [0x0000000000800060]                __DATA_REGION_ORIGIN__ = DEFINED (__DATA_REGION_ORIGIN__)?__DATA_REGION_ORIGIN__:0x800060
                [0x0000000000002000]                __TEXT_REGION_LENGTH__ = DEFINED (__TEXT_REGION_LENGTH__)?__TEXT_REGION_LENGTH__:0x2000
                [0x0000000000000400]                __DATA_REGION_LENGTH__ = DEFINED (__DATA_REGION_LENGTH__)?__DATA_REGION_LENGTH__:0xffa0
                [0x0000000000000200]                __EEPROM_REGION_LENGTH__ = DEFINED (__EEPROM_REGION_LENGTH__)?__EEPROM_REGION_LENGTH__:0x10000
                [0x0000000000000002]                __FUSE_REGION_LENGTH__ = DEFINED (__FUSE_REGION_LENGTH__)?__FUSE_REGION_LENGTH__:0x400
                0x0000000000000400                __LOCK_REGION_LENGTH__ = DEFINED (__LOCK_REGION_LENGTH__)?__LOCK_REGION_LENGTH__:0x400
                0x0000000000000400                __SIGNATURE_REGION_LENGTH__ = DEFINED (__SIGNATURE_REGION_LENGTH__)?__SIGNATURE_REGION_LENGTH__:0x400
                0x0000000000000400                __USER_SIGNATURE_REGION_LENGTH__ = DEFINED (__USER_SIGNATURE_REGION_LENGTH__)?__USER_SIGNATURE_REGION_LENGTH__:0x400

.hash
 *(.hash)

.dynsym
 *(.dynsym)

.dynstr
 *(.dynstr)

.gnu.version
 *(.gnu.version)

.gnu.version_d
 *(.gnu.version_d)

.gnu.version_r
 *(.gnu.version_r)

.rel.init
 *(.rel.init)

.rela.init
 *(.rela.init)

.rel.text
 *(.rel.text)
 *(.rel.text.*)
 *(.rel.gnu.linkonce.t*)

.rela.text
 *(.rela.text)
 *(.rela.text.*)
 *(.rela.gnu.linkonce.t*)

.rel.fini
 *(.rel.fini)

.rela.fini
 *(.rela.fini)

.rel.rodata
 *(.rel.rodata)
 *(.rel.rodata.*)
 *(.rel.gnu.linkonce.r*)

.rela.rodata
 *(.rela.rodata)
 *(.rela.rodata.*)
 *(.rela.gnu.linkonce.r*)

.rel.data
 *(.rel.data)
 *(.rel.data.*)
 *(.rel.gnu.linkonce.d*)

.rela.data
 *(.rela.data)
 *(.rela.data.*)
 *(.rela.gnu.linkonce.d*)

.rel.ctors
 *(.rel.ctors)

.rela.ctors
 *(.rela.ctors)

.rel.dtors
 *(.rel.dtors)

.rela.dtors
 *(.rela.dtors)

.rel.got
 *(.rel.got)

.rela.got
 *(.rela.got)

.rel.bss
 *(.rel.bss)

.rela.bss
 *(.rela.bss)

.rel.plt
 *(.rel.plt)

.rela.plt
 *(.rela.plt)

.text           0x0000000000000000       0x9a
 *(.vectors)
 .vectors       0x0000000000000000       0x26 C:/Program Files (x86)/Atmel/Studio/7.0/Packs/atmel/ATmega_DFP/1.7.374/xc8/avr/lib/avr4/memx-const/crtatmega8a.o
                0x0000000000000000                __vector_default
                0x0000000000000000                __vectors
 *(.vectors)
 *(.progmem.gcc*)
 *(.dinit)
 .dinit         0x0000000000000026       0x24 data_init
                0x000000000000004a                . = ALIGN (0x2)
 *fill*         0x000000000000004a        0x0 
                0x000000000000004a                __trampolines_start = .
 *(.trampolines)
 .trampolines   0x000000000000004a        0x0 linker stubs
 *(.trampolines*)
                0x000000000000004a                __trampolines_end = .
 *libprintf_flt.a:*(.progmem.data)
 *libc.a:*(.progmem.data)
                0x000000000000004a                . = ALIGN (0x2)
 *(.jumptables)
 *(.jumptables*)
 *(.lowtext)
 *(.lowtext*)
                0x000000000000004a                __ctors_start = .
 *(.ctors)
                0x000000000000004a                __ctors_end = .
                0x000000000000004a                __dtors_start = .
 *(.dtors)
                0x000000000000004a                __dtors_end = .
 SORT(*)(.ctors)
 SORT(*)(.dtors)
 *(.init0)
 .init0         0x000000000000004a        0x0 C:/Program Files (x86)/Atmel/Studio/7.0/Packs/atmel/ATmega_DFP/1.7.374/xc8/avr/lib/avr4/memx-const/crtatmega8a.o
                0x000000000000004a                __init
 *(.init0)
 *(.init1)
 *(.init1)
 *(.init2)
 .init2         0x000000000000004a        0xc C:/Program Files (x86)/Atmel/Studio/7.0/Packs/atmel/ATmega_DFP/1.7.374/xc8/avr/lib/avr4/memx-const/crtatmega8a.o
 *(.init2)
 *(.init3)
 *(.init3)
 *(.init4)
 .init4         0x0000000000000056       0x3c c:/program files/microchip/xc8/v2.36/avr/bin/../lib/gcc/avr/5.4.0/avr4/memx-const\libgcc.a(_copy_data.o)
                0x0000000000000056                __do_copy_data
                0x0000000000000084                __do_clear_bss
 *(.init4)
 *(.init5)
 *(.init5)
 *(.init6)
 *(.init6)
 *(.init7)
 *(.init7)
 *(.init8)
 *(.init8)
 *(.init9)
 .init9         0x0000000000000092        0x4 C:/Program Files (x86)/Atmel/Studio/7.0/Packs/atmel/ATmega_DFP/1.7.374/xc8/avr/lib/avr4/memx-const/crtatmega8a.o
 *(.init9)
                0x0000000000000096                . = ALIGN (0x2)
 *(.fini9)
 .fini9         0x0000000000000096        0x0 c:/program files/microchip/xc8/v2.36/avr/bin/../lib/gcc/avr/5.4.0/avr4/memx-const\libgcc.a(_exit.o)
                0x0000000000000096                _exit
 *(.fini9)
 *(.fini8)
 *(.fini8)
 *(.fini7)
 *(.fini7)
 *(.fini6)
 *(.fini6)
 *(.fini5)
 *(.fini5)
 *(.fini4)
 *(.fini4)
 *(.fini3)
 *(.fini3)
 *(.fini2)
 *(.fini2)
 *(.fini1)
 *(.fini1)
 *(.fini0)
 .fini0         0x0000000000000096        0x4 c:/program files/microchip/xc8/v2.36/avr/bin/../lib/gcc/avr/5.4.0/avr4/memx-const\libgcc.a(_exit.o)
 *(.fini0)
                0x000000000000009a                _etext = .

.data           0x0000000000800060        0x0 load address 0x000000000000009a
                [!provide]                        PROVIDE (__data_start, .)
 *(.gnu.linkonce.d*)
 *(.gnu.linkonce.r*)
                0x0000000000800060                . = ALIGN (0x2)
                0x0000000000800060                _edata = .
                [!provide]                        PROVIDE (__data_end, .)

.bss            0x0000000000800060      0x388
                [!provide]                        PROVIDE (__bss_start, .)
 *(COMMON)
 COMMON         0x0000000000800060      0x388 main.o
                0x0000000000800060                plen
                0x0000000000800062                buf
                0x00000000008003e7                browser
                [!provide]                        PROVIDE (__bss_end, .)
                0x000000000000009a                __data_load_start = LOADADDR (.data)
                0x000000000000009a                __data_load_end = (__data_load_start + SIZEOF (.data))

.noinit         0x00000000008003e8        0x0
                [!provide]                        PROVIDE (__noinit_start, .)
 *(.noinit*)
                [!provide]                        PROVIDE (__noinit_end, .)
                0x00000000008003e8                _end = .

.eeprom         0x0000000000810000        0x0
 *(.eeprom*)
                0x0000000000810000                __eeprom_end = .

.fuse
 *(.fuse)
 *(.lfuse)
 *(.hfuse)
 *(.efuse)

.lock
 *(.lock*)

.signature
 *(.signature*)

.user_signatures
 *(.user_signatures*)

.stab
 *(.stab)

.stabstr
 *(.stabstr)

.stab.excl
 *(.stab.excl)

.stab.exclstr
 *(.stab.exclstr)

.stab.index
 *(.stab.index)

.stab.indexstr
 *(.stab.indexstr)

.comment        0x0000000000000000       0x2f
 *(.comment)
 .comment       0x0000000000000000       0x2f enc28j60.o
                                         0x30 (size before relaxing)
 .comment       0x000000000000002f       0x30 main.o
 .comment       0x000000000000002f       0x30 network.o
 .comment       0x000000000000002f       0x30 c:/program files/microchip/xc8/v2.36/avr/bin/../lib/gcc/avr/5.4.0/../../../../avr/lib/avr4/memx-const\libc.a(exit.o)
 .comment       0x000000000000002f       0x30 c:/program files/microchip/xc8/v2.36/avr/bin/../lib/gcc/avr/5.4.0/../../../../avr/lib/avr4/memx-const\libc.a(strncmp.o)
 .comment       0x000000000000002f       0x30 c:/program files/microchip/xc8/v2.36/avr/bin/../lib/gcc/avr/5.4.0/../../../../avr/lib/avr4/memx-const\libc.a(strstr.o)
 .comment       0x000000000000002f       0x30 c:/program files/microchip/xc8/v2.36/avr/bin/../lib/gcc/avr/5.4.0/../../../../avr/lib/avr4/memx-const\libc.a(_Exit.o)

.note.GNU-stack
                0x0000000000000000        0x0
 .note.GNU-stack
                0x0000000000000000        0x0 c:/program files/microchip/xc8/v2.36/avr/bin/../lib/gcc/avr/5.4.0/../../../../avr/lib/avr4/memx-const\libc.a(exit.o)
 .note.GNU-stack
                0x0000000000000000        0x0 c:/program files/microchip/xc8/v2.36/avr/bin/../lib/gcc/avr/5.4.0/../../../../avr/lib/avr4/memx-const\libc.a(strncmp.o)
 .note.GNU-stack
                0x0000000000000000        0x0 c:/program files/microchip/xc8/v2.36/avr/bin/../lib/gcc/avr/5.4.0/../../../../avr/lib/avr4/memx-const\libc.a(strstr.o)
 .note.GNU-stack
                0x0000000000000000        0x0 c:/program files/microchip/xc8/v2.36/avr/bin/../lib/gcc/avr/5.4.0/../../../../avr/lib/avr4/memx-const\libc.a(_Exit.o)

.stack.descriptors.hdr
                0x0000000000000000        0xe
 .stack.descriptors.hdr
                0x0000000000000000        0xe c:/program files/microchip/xc8/v2.36/avr/bin/../lib/gcc/avr/5.4.0/avr4/memx-const\libgcc.a(_exit.o)

.note.gnu.build-id
 *(.note.gnu.build-id)

.debug
 *(.debug)

.line
 *(.line)

.debug_srcinfo
 *(.debug_srcinfo)

.debug_sfnames
 *(.debug_sfnames)

.debug_aranges  0x0000000000000000      0x180
 *(.debug_aranges)
 .debug_aranges
                0x0000000000000000       0xb0 enc28j60.o
 .debug_aranges
                0x00000000000000b0       0x30 main.o
 .debug_aranges
                0x00000000000000e0       0xa0 network.o

.debug_pubnames
 *(.debug_pubnames)

.debug_info     0x0000000000000000     0x27b5
 *(.debug_info .gnu.linkonce.wi.*)
 .debug_info    0x0000000000000000      0x48c C:/Program Files (x86)/Atmel/Studio/7.0/Packs/atmel/ATmega_DFP/1.7.374/xc8/avr/lib/avr4/memx-const/crtatmega8a.o
 .debug_info    0x000000000000048c     0x106b enc28j60.o
 .debug_info    0x00000000000014f7      0x78d main.o
 .debug_info    0x0000000000001c84      0xb31 network.o

.debug_abbrev   0x0000000000000000      0x8d1
 *(.debug_abbrev)
 .debug_abbrev  0x0000000000000000      0x44e C:/Program Files (x86)/Atmel/Studio/7.0/Packs/atmel/ATmega_DFP/1.7.374/xc8/avr/lib/avr4/memx-const/crtatmega8a.o
 .debug_abbrev  0x000000000000044e      0x1b6 enc28j60.o
 .debug_abbrev  0x0000000000000604      0x164 main.o
 .debug_abbrev  0x0000000000000768      0x169 network.o

.debug_line     0x0000000000000000      0xfdf
 *(.debug_line .debug_line.* .debug_line_end)
 .debug_line    0x0000000000000000      0x10d C:/Program Files (x86)/Atmel/Studio/7.0/Packs/atmel/ATmega_DFP/1.7.374/xc8/avr/lib/avr4/memx-const/crtatmega8a.o
 .debug_line    0x000000000000010d      0x5e7 enc28j60.o
 .debug_line    0x00000000000006f4      0x288 main.o
 .debug_line    0x000000000000097c      0x663 network.o

.debug_frame    0x0000000000000000      0x3e4
 *(.debug_frame)
 .debug_frame   0x0000000000000000      0x200 enc28j60.o
 .debug_frame   0x0000000000000200       0x44 main.o
 .debug_frame   0x0000000000000244      0x1a0 network.o

.debug_str      0x0000000000000000      0x262
 *(.debug_str)
 .debug_str     0x0000000000000000      0x17a C:/Program Files (x86)/Atmel/Studio/7.0/Packs/atmel/ATmega_DFP/1.7.374/xc8/avr/lib/avr4/memx-const/crtatmega8a.o
 .debug_str     0x000000000000017a        0x8 enc28j60.o
 .debug_str     0x0000000000000182       0xcc main.o
 .debug_str     0x000000000000024e       0x14 network.o

.debug_loc      0x0000000000000000     0x1187
 *(.debug_loc)
 .debug_loc     0x0000000000000000      0x755 enc28j60.o
 .debug_loc     0x0000000000000755       0x87 main.o
 .debug_loc     0x00000000000007dc      0x9ab network.o

.debug_macinfo
 *(.debug_macinfo)

.debug_weaknames
 *(.debug_weaknames)

.debug_funcnames
 *(.debug_funcnames)

.debug_typenames
 *(.debug_typenames)

.debug_varnames
 *(.debug_varnames)

.debug_pubtypes
 *(.debug_pubtypes)

.debug_ranges   0x0000000000000000      0x150
 *(.debug_ranges)
 .debug_ranges  0x0000000000000000       0xa0 enc28j60.o
 .debug_ranges  0x00000000000000a0       0x20 main.o
 .debug_ranges  0x00000000000000c0       0x90 network.o

.debug_macro
 *(.debug_macro)
OUTPUT(Eth.elf elf32-avr)
LOAD linker stubs
LOAD data_init

.note.gnu.avr.deviceinfo
                0x0000000000000000       0x3c
 .note.gnu.avr.deviceinfo
                0x0000000000000000       0x3c C:/Program Files (x86)/Atmel/Studio/7.0/Packs/atmel/ATmega_DFP/1.7.374/xc8/avr/lib/avr4/memx-const/crtatmega8a.o

.bss.gNextPacketPtr
                0x00000000008003fc        0x2
 .bss.gNextPacketPtr
                0x00000000008003fc        0x2 enc28j60.o

.bss.ENC28J60_Bank
                0x0000000000800404        0x1
 .bss.ENC28J60_Bank
                0x0000000000800404        0x1 enc28j60.o

.bss.info_data_len
                0x00000000008003fe        0x2
 .bss.info_data_len
                0x00000000008003fe        0x2 network.o

.bss.info_hdr_len
                0x0000000000800400        0x2
 .bss.info_hdr_len
                0x0000000000800400        0x2 network.o

.bss.wwwport    0x0000000000800402        0x2
 .bss.wwwport   0x0000000000800402        0x2 network.o

.bss.ipaddr     0x00000000008003f8        0x4
 .bss.ipaddr    0x00000000008003f8        0x4 network.o

.bss.macaddr    0x00000000008003ee        0x6
 .bss.macaddr   0x00000000008003ee        0x6 network.o

.progmemx.data.__c.2417
                0x000000000000009a       0x31
 .progmemx.data.__c.2417
                0x000000000000009a       0x31 main.o

.progmemx.data.__c.2415
                0x00000000000000cb       0x2d
 .progmemx.data.__c.2415
                0x00000000000000cb       0x2d main.o

.progmemx.data  0x00000000000000f8       0x13
 .progmemx.data
                0x00000000000000f8       0x13 main.o

.data.seqnum    0x0000000000800405        0x1 load address 0x000000000000010b
 .data.seqnum   0x0000000000800405        0x1 network.o

.text.main      0x000000000000010c      0x140
 .text.main     0x000000000000010c      0x140 main.o
                0x000000000000010c                main

.text.ENC28J60_PacketReceive
                0x000000000000024c      0x11c
 .text.ENC28J60_PacketReceive
                0x000000000000024c      0x11c enc28j60.o
                0x000000000000024c                ENC28J60_PacketReceive

.text.ENC28J60_Init
                0x0000000000000368      0x118
 .text.ENC28J60_Init
                0x0000000000000368      0x118 enc28j60.o
                0x0000000000000368                ENC28J60_Init

.text.make_tcp_hdr
                0x0000000000000480       0xd0
 .text.make_tcp_hdr
                0x0000000000000480       0xd0 network.o
                0x0000000000000480                make_tcp_hdr

.text.strstr    0x0000000000000550       0xb8
 .text.strstr   0x0000000000000550       0xb8 c:/program files/microchip/xc8/v2.36/avr/bin/../lib/gcc/avr/5.4.0/../../../../avr/lib/avr4/memx-const\libc.a(strstr.o)
                0x0000000000000550                strstr

.text.checksum  0x0000000000000608       0xa4
 .text.checksum
                0x0000000000000608       0xa4 network.o
                0x0000000000000608                checksum

.text.arp_reply
                0x00000000000006ac       0x74
 .text.arp_reply
                0x00000000000006ac       0x74 network.o
                0x00000000000006ac                arp_reply

.text.ENC28J60_PacketSend
                0x0000000000000720       0x70
 .text.ENC28J60_PacketSend
                0x0000000000000720       0x70 enc28j60.o
                0x0000000000000720                ENC28J60_PacketSend

.text.strncmp   0x0000000000000790       0x6a
 .text.strncmp  0x0000000000000790       0x6a c:/program files/microchip/xc8/v2.36/avr/bin/../lib/gcc/avr/5.4.0/../../../../avr/lib/avr4/memx-const\libc.a(strncmp.o)
                0x0000000000000790                strncmp

.text.tcp_ack   0x00000000000007fa       0x58
 .text.tcp_ack  0x00000000000007fa       0x58 network.o
                0x00000000000007fa                tcp_ack

.text.eth_is_ip
                0x0000000000000852       0x4e
 .text.eth_is_ip
                0x0000000000000852       0x4e network.o
                0x0000000000000852                eth_is_ip

.text.eth_is_arp
                0x00000000000008a0       0x4c
 .text.eth_is_arp
                0x00000000000008a0       0x4c network.o
                0x00000000000008a0                eth_is_arp

.text.ENC28J60_SetBank
                0x00000000000008ec       0x4a
 .text.ENC28J60_SetBank
                0x00000000000008ec       0x4a enc28j60.o
                0x00000000000008ec                ENC28J60_SetBank

.text.init_len_info
                0x0000000000000936       0x4a
 .text.init_len_info
                0x0000000000000936       0x4a network.o
                0x0000000000000936                init_len_info

.text.init_network
                0x0000000000000980       0x48
 .text.init_network
                0x0000000000000980       0x48 network.o
                0x0000000000000980                init_network

.text.tcp_ack_with_data
                0x00000000000009c8       0x44
 .text.tcp_ack_with_data
                0x00000000000009c8       0x44 network.o
                0x00000000000009c8                tcp_ack_with_data

.text.tcp_synack
                0x0000000000000a0c       0x40
 .text.tcp_synack
                0x0000000000000a0c       0x40 network.o
                0x0000000000000a0c                tcp_synack

.text.make_tcp_data_pos
                0x0000000000000a4c       0x3c
 .text.make_tcp_data_pos
                0x0000000000000a4c       0x3c network.o
                0x0000000000000a4c                make_tcp_data_pos

.text.ENC28J60_ReadBuffer
                0x0000000000000a88       0x38
 .text.ENC28J60_ReadBuffer
                0x0000000000000a88       0x38 enc28j60.o
                0x0000000000000a88                ENC28J60_ReadBuffer

.text.make_ip_hdr
                0x0000000000000ac0       0x34
 .text.make_ip_hdr
                0x0000000000000ac0       0x34 network.o
                0x0000000000000ac0                make_ip_hdr

.text.icmp_reply
                0x0000000000000af4       0x34
 .text.icmp_reply
                0x0000000000000af4       0x34 network.o
                0x0000000000000af4                icmp_reply

.text.ENC28J60_WriteBuffer
                0x0000000000000b28       0x32
 .text.ENC28J60_WriteBuffer
                0x0000000000000b28       0x32 enc28j60.o
                0x0000000000000b28                ENC28J60_WriteBuffer

.text.ENC28J60_PhyWrite
                0x0000000000000b5a       0x30
 .text.ENC28J60_PhyWrite
                0x0000000000000b5a       0x30 enc28j60.o
                0x0000000000000b5a                ENC28J60_PhyWrite

.text.testpage  0x0000000000000b8a       0x30
 .text.testpage
                0x0000000000000b8a       0x30 main.o
                0x0000000000000b8a                testpage

.text.make_eth_hdr
                0x0000000000000bba       0x2e
 .text.make_eth_hdr
                0x0000000000000bba       0x2e network.o
                0x0000000000000bba                make_eth_hdr

.text.ENC28J60_ReadOp
                0x0000000000000be8       0x2a
 .text.ENC28J60_ReadOp
                0x0000000000000be8       0x2a enc28j60.o
                0x0000000000000be8                ENC28J60_ReadOp

.text.make_ip_checksum
                0x0000000000000c12       0x28
 .text.make_ip_checksum
                0x0000000000000c12       0x28 network.o
                0x0000000000000c12                make_ip_checksum

.text.ENC28J60_WriteOp
                0x0000000000000c3a       0x24
 .text.ENC28J60_WriteOp
                0x0000000000000c3a       0x24 enc28j60.o
                0x0000000000000c3a                ENC28J60_WriteOp

.text.get_tcp_data_ptr
                0x0000000000000c5e       0x1e
 .text.get_tcp_data_ptr
                0x0000000000000c5e       0x1e network.o
                0x0000000000000c5e                get_tcp_data_ptr

.text.ENC28J60_Write
                0x0000000000000c7c       0x18
 .text.ENC28J60_Write
                0x0000000000000c7c       0x18 enc28j60.o
                0x0000000000000c7c                ENC28J60_Write

.text.sendpage  0x0000000000000c94       0x16
 .text.sendpage
                0x0000000000000c94       0x16 main.o
                0x0000000000000c94                sendpage

.text.ENC28J60_Read
                0x0000000000000caa       0x10
 .text.ENC28J60_Read
                0x0000000000000caa       0x10 enc28j60.o
                0x0000000000000caa                ENC28J60_Read

.text.exit      0x0000000000000cba        0xe
 .text.exit     0x0000000000000cba        0xe c:/program files/microchip/xc8/v2.36/avr/bin/../lib/gcc/avr/5.4.0/../../../../avr/lib/avr4/memx-const\libc.a(exit.o)
                0x0000000000000cba                exit

.text.ENC28J60_ClkOut
                0x0000000000000cc8        0xa
 .text.ENC28J60_ClkOut
                0x0000000000000cc8        0xa enc28j60.o
                0x0000000000000cc8                ENC28J60_ClkOut

.text.csactive  0x0000000000000cd2        0x8
 .text.csactive
                0x0000000000000cd2        0x8 enc28j60.o
                0x0000000000000cd2                csactive

.text.cspassive
                0x0000000000000cda        0x8
 .text.cspassive
                0x0000000000000cda        0x8 enc28j60.o
                0x0000000000000cda                cspassive

.text.waitspi   0x0000000000000ce2        0x6
 .text.waitspi  0x0000000000000ce2        0x6 enc28j60.o
                0x0000000000000ce2                waitspi

.text           0x0000000000000ce8        0x2
 .text          0x0000000000000ce8        0x2 C:/Program Files (x86)/Atmel/Studio/7.0/Packs/atmel/ATmega_DFP/1.7.374/xc8/avr/lib/avr4/memx-const/crtatmega8a.o
                0x0000000000000ce8                __vector_1
                0x0000000000000ce8                __vector_12
                0x0000000000000ce8                __bad_interrupt
                0x0000000000000ce8                __vector_6
                0x0000000000000ce8                __vector_3
                0x0000000000000ce8                __vector_11
                0x0000000000000ce8                __vector_13
                0x0000000000000ce8                __vector_17
                0x0000000000000ce8                __vector_7
                0x0000000000000ce8                __vector_5
                0x0000000000000ce8                __vector_4
                0x0000000000000ce8                __vector_9
                0x0000000000000ce8                __vector_2
                0x0000000000000ce8                __vector_15
                0x0000000000000ce8                __vector_8
                0x0000000000000ce8                __vector_14
                0x0000000000000ce8                __vector_10
                0x0000000000000ce8                __vector_16
                0x0000000000000ce8                __vector_18

.text.__dummy_fini
                0x0000000000000cea        0x2
 .text.__dummy_fini
                0x0000000000000cea        0x2 c:/program files/microchip/xc8/v2.36/avr/bin/../lib/gcc/avr/5.4.0/../../../../avr/lib/avr4/memx-const\libc.a(exit.o)
                0x0000000000000cea                _fini

.text.__dummy_funcs_on_exit
                0x0000000000000cec        0x2
 .text.__dummy_funcs_on_exit
                0x0000000000000cec        0x2 c:/program files/microchip/xc8/v2.36/avr/bin/../lib/gcc/avr/5.4.0/../../../../avr/lib/avr4/memx-const\libc.a(exit.o)
                0x0000000000000cec                __funcs_on_exit

.text.__dummy_simulator_exit
                0x0000000000000cee        0x2
 .text.__dummy_simulator_exit
                0x0000000000000cee        0x2 c:/program files/microchip/xc8/v2.36/avr/bin/../lib/gcc/avr/5.4.0/../../../../avr/lib/avr4/memx-const\libc.a(exit.o)
                0x0000000000000cee                __simulator_exit

.text._Exit     0x0000000000000cf0        0x2
 .text._Exit    0x0000000000000cf0        0x2 c:/program files/microchip/xc8/v2.36/avr/bin/../lib/gcc/avr/5.4.0/../../../../avr/lib/avr4/memx-const\libc.a(_Exit.o)
                0x0000000000000cf0                _Exit

.data.mymac     0x00000000008003e8        0x6 load address 0x0000000000000cf2
 .data.mymac    0x00000000008003e8        0x6 main.o

.data.myip      0x00000000008003f4        0x4 load address 0x0000000000000cf8
 .data.myip     0x00000000008003f4        0x4 main.o
